../Core/Src/main.c:71:9:BMP280_T_Compensation	32	static
../Core/Src/main.c:84:9:BMP280_P_Compensation	328	static
../Core/Src/main.c:110:5:_write	24	static
../Core/Src/main.c:116:6:I2C_BusReset	40	static
../Core/Src/main.c:153:5:main	176	static
../Core/Src/main.c:317:6:SystemClock_Config	88	static
../Core/Src/main.c:364:13:MX_I2C1_Init	8	static
../Core/Src/main.c:398:13:MX_TIM3_Init	64	static
../Core/Src/main.c:462:13:MX_USART2_UART_Init	8	static
../Core/Src/main.c:495:13:MX_GPIO_Init	16	static
../Core/Src/main.c:518:6:Error_Handler	4	static,ignoring_inline_asm
